// Jest Snapshot v1, https://goo.gl/fbAQLP

exports[`iterableCurry throws with empty invocations 1`] = `"Cannot make a partial application with no arguments"`;

exports[`iterableCurry throws with empty invocations 2`] = `"Cannot make a partial application with no arguments"`;

exports[`iterableCurry throws with empty invocations 3`] = `"Cannot make a partial application with no arguments"`;

exports[`iterableCurry throws with too many args 1`] = `"f2 takes up to 2 arguments, followed by iterable. You already passed 3 arguments and the last argument was not iterable"`;

exports[`iterableCurry throws with too many args 2`] = `"f1 takes up to 1 arguments, followed by iterable. You already passed 2 arguments and the last argument was not iterable"`;

exports[`iterableCurry throws with too many args 3`] = `"f0 takes up to 0 arguments, followed by iterable. You already passed 1 arguments and the last argument was not iterable"`;

exports[`iterableCurry validates args can stop method execution by throwing an error 1`] = `"Expected the world"`;

exports[`iterableCurry when passed explicit arity throws with empty invocations 1`] = `"Cannot make a partial application with no arguments"`;

exports[`iterableCurry works with reducing functions throws with empty invocations 1`] = `"Cannot make a partial application with no arguments"`;

exports[`iterableCurry works with reducing functions throws with empty invocations 2`] = `"Cannot make a partial application with no arguments"`;

exports[`iterableCurry works with reducing functions throws with too many args 1`] = `"f2 takes up to 2 arguments, followed by iterable. You already passed 3 arguments and the last argument was not iterable"`;

exports[`iterableCurry works with reducing functions throws with too many args 2`] = `"f1 takes up to 1 arguments, followed by iterable. You already passed 2 arguments and the last argument was not iterable"`;

exports[`iterableCurry works with reducing functions throws with too many args 3`] = `"f0 takes up to 0 arguments, followed by iterable. You already passed 1 arguments and the last argument was not iterable"`;

exports[`iterableCurry works with variadic functions throws with empty invocations 1`] = `"Cannot make a partial application with no arguments"`;

exports[`iterableCurry works with variadic functions throws with too many args 1`] = `"f1 takes up to 1 arguments, followed by ...iterables. You already passed 2 arguments and the following arguments were not all iterables"`;
