// Jest Snapshot v1, https://goo.gl/fbAQLP

exports[`unknown plugin 1. unknown plugin: 1. unknown plugin 1`] = `

import 'above';
import { map as snap, dropWhile } from '../explode.macro.cjs';
import { tap } from '../explode.macro.cjs';
import 'below';

      ↓ ↓ ↓ ↓ ↓ ↓

import 'above';
import { map as snap } from 'iter-tools/methods/map';
import { dropWhile } from 'iter-tools/methods/drop-while';
import { tap } from 'iter-tools/methods/tap';
import 'below';


`;
