// Jest Snapshot v1, https://goo.gl/fbAQLP

exports[`asyncSlice when given invalid parameters 1`] = `"start argument to asyncSlice must be a number"`;

exports[`asyncSlice when given invalid parameters 2`] = `"end argument to asyncSlice must be an integer or infinte"`;

exports[`asyncSlice when given invalid parameters 3`] = `"step argument to asyncSlice must be a integer > 0"`;
