// Jest Snapshot v1, https://goo.gl/fbAQLP

exports[`asyncSlice when given invalid parameters 1`] = `"The specified start was not a number"`;

exports[`asyncSlice when given invalid parameters 2`] = `"The specified end was not a number"`;

exports[`asyncSlice when given invalid parameters 3`] = `"The specified step was not a number > 0"`;
