// Jest Snapshot v1, https://goo.gl/fbAQLP

exports[`slice when given invalid parameters 1`] = `"start argument to slice must be a number"`;

exports[`slice when given invalid parameters 2`] = `"end argument to slice must be a number"`;

exports[`slice when given invalid parameters 3`] = `"step argument to slice must be a number > 0"`;
